
> my-project@0.1.0 test
> vitest --run


 RUN  v4.1.5 D:/project/hifdzh-tracker


 Test Files  4 passed (4)
      Tests  28 passed (28)
   Start at  22:52:06
   Duration  21.25s (transform 989ms, setup 2.22s, import 12.80s, tests 9.44s, environment 22.41s)

